Archive member included to satisfy reference by file (symbol)

c:/program files (x86)/gnu tools arm embedded/5.3 2016q1/bin/../lib/gcc/arm-none-eabi/5.3.1/../../../../arm-none-eabi/lib/armv7-m\libg.a(lib_a-memcpy.o)
                              ..\obj\queue.o (memcpy)
c:/program files (x86)/gnu tools arm embedded/5.3 2016q1/bin/../lib/gcc/arm-none-eabi/5.3.1/../../../../arm-none-eabi/lib/armv7-m\libg.a(lib_a-memset.o)
                              ..\obj\tasks.o (memset)

Allocating common symbols
Common symbol       size              file

SensorParameters_Queue
                    0x4               ..\obj\main.o
RTOS_tim_1          0x4               ..\obj\main.o
frequency           0x4               ..\obj\main.o
dataToUART          0x4               ..\obj\main.o
StartEngine_Semaphore
                    0x4               ..\obj\main.o
xQueueRegistry      0x40              ..\obj\queue.o
USART1_DataReceived_Semaphore
                    0x4               ..\obj\main.o
valvesControl       0x4               ..\obj\main.o
IWatchDog_Handler   0x4               ..\obj\main.o
ValvesTimer_Semaphore
                    0x4               ..\obj\main.o
counter             0x2               ..\obj\main.o
ValvesImpulseParameters_Queue
                    0x4               ..\obj\main.o
SensorWork_Handler  0x4               ..\obj\main.o
engineControl       0x4               ..\obj\main.o
EngineParameters_Queue
                    0x4               ..\obj\main.o
StartSeries_Semaphore
                    0x4               ..\obj\main.o

Discarded input sections

 .text          0x00000000        0x0 ..\obj\stm32f10x_rtc.o
 .data          0x00000000        0x0 ..\obj\stm32f10x_rtc.o
 .bss           0x00000000        0x0 ..\obj\stm32f10x_rtc.o
 .text.RTC_ITConfig
                0x00000000       0x4c ..\obj\stm32f10x_rtc.o
 .text.RTC_EnterConfigMode
                0x00000000       0x20 ..\obj\stm32f10x_rtc.o
 .text.RTC_ExitConfigMode
                0x00000000       0x20 ..\obj\stm32f10x_rtc.o
 .text.RTC_GetCounter
                0x00000000       0x2c ..\obj\stm32f10x_rtc.o
 .text.RTC_SetCounter
                0x00000000       0x30 ..\obj\stm32f10x_rtc.o
 .text.RTC_SetPrescaler
                0x00000000       0x34 ..\obj\stm32f10x_rtc.o
 .text.RTC_SetAlarm
                0x00000000       0x30 ..\obj\stm32f10x_rtc.o
 .text.RTC_GetDivider
                0x00000000       0x38 ..\obj\stm32f10x_rtc.o
 .text.RTC_WaitForLastTask
                0x00000000       0x20 ..\obj\stm32f10x_rtc.o
 .text.RTC_WaitForSynchro
                0x00000000       0x30 ..\obj\stm32f10x_rtc.o
 .text.RTC_GetFlagStatus
                0x00000000       0x38 ..\obj\stm32f10x_rtc.o
 .text.RTC_ClearFlag
                0x00000000       0x2c ..\obj\stm32f10x_rtc.o
 .text.RTC_GetITStatus
                0x00000000       0x50 ..\obj\stm32f10x_rtc.o
 .text.RTC_ClearITPendingBit
                0x00000000       0x2c ..\obj\stm32f10x_rtc.o
 .debug_info    0x00000000      0x43c ..\obj\stm32f10x_rtc.o
 .debug_abbrev  0x00000000      0x18f ..\obj\stm32f10x_rtc.o
 .debug_aranges
                0x00000000       0x88 ..\obj\stm32f10x_rtc.o
 .debug_ranges  0x00000000       0x78 ..\obj\stm32f10x_rtc.o
 .debug_line    0x00000000      0x2ee ..\obj\stm32f10x_rtc.o
 .debug_str     0x00000000      0x3b4 ..\obj\stm32f10x_rtc.o
 .comment       0x00000000       0x6f ..\obj\stm32f10x_rtc.o
 .debug_frame   0x00000000      0x214 ..\obj\stm32f10x_rtc.o
 .ARM.attributes
                0x00000000       0x33 ..\obj\stm32f10x_rtc.o
 .text          0x00000000        0x0 ..\obj\engineControl.o
 .text.EngineControl_ChangePhaseRegulatorValue
                0x00000000       0x1c ..\obj\engineControl.o
 .text.GPIO_FinishStartingLed_init
                0x00000000       0x34 ..\obj\engineControl.o
 .text.ZeroDetectorFirst_Happened
                0x00000000       0x34 ..\obj\engineControl.o
 .text.TimeCheck
                0x00000000       0x6c ..\obj\engineControl.o
 .text.TimeCheckWithCounter
                0x00000000       0x88 ..\obj\engineControl.o
 .text          0x00000000        0x0 ..\obj\stm32f10x_tim.o
 .data          0x00000000        0x0 ..\obj\stm32f10x_tim.o
 .bss           0x00000000        0x0 ..\obj\stm32f10x_tim.o
 .text.TIM_DeInit
                0x00000000      0x22c ..\obj\stm32f10x_tim.o
 .text.TIM_OC3Init
                0x00000000      0x10c ..\obj\stm32f10x_tim.o
 .text.TIM_OC4Init
                0x00000000       0xd0 ..\obj\stm32f10x_tim.o
 .text.TIM_ICInit
                0x00000000       0xa8 ..\obj\stm32f10x_tim.o
 .text.TIM_PWMIConfig
                0x00000000       0xb8 ..\obj\stm32f10x_tim.o
 .text.TIM_BDTRConfig
                0x00000000       0x50 ..\obj\stm32f10x_tim.o
 .text.TIM_TimeBaseStructInit
                0x00000000       0x34 ..\obj\stm32f10x_tim.o
 .text.TIM_OCStructInit
                0x00000000       0x44 ..\obj\stm32f10x_tim.o
 .text.TIM_ICStructInit
                0x00000000       0x30 ..\obj\stm32f10x_tim.o
[...]
Memory Configuration

Name             Origin             Length             Attributes
rom              0x08000000         0x00010000         xr
ram              0x20000000         0x00005000         xrw
*default*        0x00000000         0xffffffff

Linker script and memory map

                0x20005000                _eram = 0x20005000

.text           0x08000000     0x6ecd
 *(.isr_vector)
 .isr_vector    0x08000000      0x10c ..\obj\startup_stm32f10x_md.o
                0x08000000                g_pfnVectors
 *(.text*)
 .text.EngineControlTypeDefInit
                0x0800010c       0xbc ..\obj\engineControl.o
                0x0800010c                EngineControlTypeDefInit
 .text.GPIO_StartAlarmFinishLeds_init
                0x080001c8       0x70 ..\obj\engineControl.o
                0x080001c8                GPIO_StartAlarmFinishLeds_init
 .text.ADC_GPIO_init
                0x08000238       0x28 ..\obj\engineControl.o
                0x08000238                ADC_GPIO_init
 .text.ADC_init
                0x08000260       0xb0 ..\obj\engineControl.o
                0x08000260                ADC_init
 .text.SolveCurrent
                0x08000310       0x94 ..\obj\engineControl.o
                0x08000310                SolveCurrent
 .text.PhaseCrossing1_Happened
                0x080003a4      0x168 ..\obj\engineControl.o
                0x080003a4                PhaseCrossing1_Happened
 .text.AlarmFlashing
                0x0800050c       0x58 ..\obj\engineControl.o
                0x0800050c                AlarmFlashing
 .text.AlarmState
                0x08000564       0x38 ..\obj\engineControl.o
                0x08000564                AlarmState
 .text.WaitZeroDetector
                0x0800059c       0x30 ..\obj\engineControl.o
                0x0800059c                WaitZeroDetector
 .text.CheckPhaseAlgoritm
                0x080005cc       0xb0 ..\obj\engineControl.o
                0x080005cc                CheckPhaseAlgoritm
 .text.Flash_WriteEngineParameters
                0x0800067c       0x44 ..\obj\engineControl.o
                0x0800067c                Flash_WriteEngineParameters
 .text.Timer1_Start
                0x080006c0       0x18 ..\obj\engineControl.o
                0x080006c0                Timer1_Start
 .text.Timer2_Start
                0x080006d8       0x18 ..\obj\engineControl.o
                0x080006d8                Timer2_Start
 .text.Timer1_Clear
                0x080006f0       0x20 ..\obj\engineControl.o
                0x080006f0                Timer1_Clear
 .text.Timer2_Clear
                0x08000710       0x20 ..\obj\engineControl.o
                0x08000710                Timer2_Clear
 .text.MaxCurrent_Alarm
                0x08000730       0x44 ..\obj\engineControl.o
                0x08000730                MaxCurrent_Alarm
 .text.abs_for_current
                0x08000774       0x20 ..\obj\engineControl.o
                0x08000774                abs_for_current
 .text.ReadyParametersToStart
                0x08000794       0xc8 ..\obj\engineControl.o
                0x08000794                ReadyParametersToStart
 .text.Engine_ParametersClear
                0x0800085c       0x98 ..\obj\engineControl.o
                0x0800085c                Engine_ParametersClear
 .text.WaitStartOrStopCommand
                0x080008f4       0x44 ..\obj\engineControl.o
                0x080008f4                WaitStartOrStopCommand
 .text.EngineControl_Task
                0x08000938      0x328 ..\obj\engineControl.o
                0x08000938                EngineControl_Task
 .text.EngineGPIO_init
                0x08000c60       0xac ..\obj\engineControl.o
                0x08000c60                EngineGPIO_init
 .text.EXTI1_IRQHandler
                0x08000d0c       0x4c ..\obj\engineControl.o
                0x08000d0c                EXTI1_IRQHandler
 .text.EXTI2_IRQHandler
                0x08000d58       0x3c ..\obj\engineControl.o
                0x08000d58                EXTI2_IRQHandler
 .text.TIM_TimeBaseInit
                0x08000d94       0xf8 ..\obj\stm32f10x_tim.o
                0x08000d94                TIM_TimeBaseInit
 .text.TIM_OC1Init
                0x08000e8c      0x118 ..\obj\stm32f10x_tim.o
                0x08000e8c                TIM_OC1Init
 .text.TIM_OC2Init
                0x08000fa4      0x110 ..\obj\stm32f10x_tim.o
                0x08000fa4                TIM_OC2Init
 .text.TIM_Cmd  0x080010b4       0x40 ..\obj\stm32f10x_tim.o
                0x080010b4                TIM_Cmd
 .text.TIM_CtrlPWMOutputs
                0x080010f4       0x4c ..\obj\stm32f10x_tim.o
                0x080010f4                TIM_CtrlPWMOutputs
 .text.TIM_ITConfig
                0x08001140       0x48 ..\obj\stm32f10x_tim.o
                0x08001140                TIM_ITConfig
 .text.TIM_ClearITPendingBit
                0x08001188       0x20 ..\obj\stm32f10x_tim.o
                0x08001188                TIM_ClearITPendingBit
 .text.Flash_Write
                0x080011a8       0x48 ..\obj\flash.o
                0x080011a8                Flash_Write
 .text.Flash_WriteParameters
                0x080011f0       0x7c ..\obj\flash.o
                0x080011f0                Flash_WriteParameters
 .text.Flash_Read
                0x0800126c       0x30 ..\obj\flash.o
                0x0800126c                Flash_Read
 .text.PWM_Init
                0x0800129c       0x44 ..\obj\timer.o
                0x0800129c                PWM_Init
 .text.TimerInit
                0x080012e0       0xc0 ..\obj\timer.o
                0x080012e0                TimerInit
 .text.PWM_GPIO_Init
                0x080013a0       0x50 ..\obj\timer.o
                0x080013a0                PWM_GPIO_Init
 .text.TIM1_UP_IRQHandler
                0x080013f0       0x48 ..\obj\timer.o
                0x080013f0                TIM1_UP_IRQHandler
 .text.SystemInit
                0x08001438       0x68 ..\obj\system_stm32f10x.o
                0x08001438                SystemInit
 .text.SetSysClock
                0x080014a0        0xc ..\obj\system_stm32f10x.o
 .text.SetSysClockTo72
                0x080014ac      0x100 ..\obj\system_stm32f10x.o
 .text.Default_Reset_Handler
                0x080015ac       0x60 ..\obj\startup_stm32f10x_md.o
                0x080015ac                Default_Reset_Handler
                0x080015ac                Reset_Handler
 .text.Default_Handler
                0x0800160c        0x8 ..\obj\startup_stm32f10x_md.o
                0x0800160c                DebugMon_Handler
                0x0800160c                TIM1_CC_IRQHandler
                0x0800160c                HardFault_Handler
                0x0800160c                PVD_IRQHandler
                0x0800160c                NMI_Handler
                0x0800160c                UsageFault_Handler
                0x0800160c                ADC1_2_IRQHandler
                0x0800160c                SPI1_IRQHandler
                0x0800160c                TAMPER_IRQHandler
                0x0800160c                USART3_IRQHandler
                0x0800160c                RTC_IRQHandler
                0x0800160c                CAN1_RX1_IRQHandler
                0x0800160c                TIM4_IRQHandler
                0x0800160c                DMA1_Channel6_IRQHandler
                0x0800160c                TIM3_IRQHandler
                0x0800160c                RCC_IRQHandler
                0x0800160c                TIM1_TRG_COM_IRQHandler
                0x0800160c                DMA1_Channel1_IRQHandler
                0x0800160c                EXTI15_10_IRQHandler
                0x0800160c                EXTI9_5_IRQHandler
                0x0800160c                SPI2_IRQHandler
                0x0800160c                MemManage_Handler
                0x0800160c                EXTI4_IRQHandler
                0x0800160c                USB_LP_CAN1_RX0_IRQHandler
                0x0800160c                USB_HP_CAN1_TX_IRQHandler
                0x0800160c                DMA1_Channel3_IRQHandler
                0x0800160c                WWDG_IRQHandler
                0x0800160c                TIM1_BRK_IRQHandler
                0x0800160c                RTCAlarm_IRQHandler
                0x0800160c                USART2_IRQHandler
                0x0800160c                I2C2_ER_IRQHandler
                0x0800160c                DMA1_Channel2_IRQHandler
                0x0800160c                CAN1_SCE_IRQHandler
                0x0800160c                FLASH_IRQHandler
                0x0800160c                BusFault_Handler
                0x0800160c                USART1_IRQHandler
                0x0800160c                I2C1_ER_IRQHandler
                0x0800160c                USBWakeUp_IRQHandler
 .text.GPIO_Init
                0x08001614      0x178 ..\obj\stm32f10x_gpio.o
                0x08001614                GPIO_Init
 .text.GPIO_ReadInputDataBit
                0x0800178c       0x34 ..\obj\stm32f10x_gpio.o
                0x0800178c                GPIO_ReadInputDataBit
 .text.GPIO_SetBits
                0x080017c0       0x1c ..\obj\stm32f10x_gpio.o
                0x080017c0                GPIO_SetBits
 .text.GPIO_ResetBits
                0x080017dc       0x1c ..\obj\stm32f10x_gpio.o
                0x080017dc                GPIO_ResetBits
 .text.GPIO_PinRemapConfig
                0x080017f8       0xe0 ..\obj\stm32f10x_gpio.o
                0x080017f8                GPIO_PinRemapConfig
 .text.JTAG_off
                0x080018d8       0x2c ..\obj\main.o
                0x080018d8                JTAG_off
 .text.main     0x08001904      0x12c ..\obj\main.o
                0x08001904                main
 .text.vApplicationIdleHook
                0x08001a30        0xc ..\obj\main.o
                0x08001a30                vApplicationIdleHook
 .text.vApplicationMallocFailedHook
                0x08001a3c        0x8 ..\obj\main.o
                0x08001a3c                vApplicationMallocFailedHook
 .text.vApplicationStackOverflowHook
                0x08001a44        0xc ..\obj\main.o
                0x08001a44                vApplicationStackOverflowHook
 .text.vApplicationTickHook
                0x08001a50        0xc ..\obj\main.o
                0x08001a50                vApplicationTickHook
 .text.xTimerCreateTimerTask
                0x08001a5c       0x64 ..\obj\timers.o
                0x08001a5c                xTimerCreateTimerTask
 .text.xTimerGenericCommand
                0x08001ac0       0x98 ..\obj\timers.o
                0x08001ac0                xTimerGenericCommand
 .text.prvProcessExpiredTimer
                0x08001b58       0x98 ..\obj\timers.o
 .text.prvTimerTask
                0x08001bf0       0x24 ..\obj\timers.o
 .text.prvProcessTimerOrBlockTask
                0x08001c14       0x9c ..\obj\timers.o
 .text.prvGetNextExpireTime
                0x08001cb0       0x44 ..\obj\timers.o
 .text.prvSampleTimeNow
                0x08001cf4       0x40 ..\obj\timers.o
 .text.prvInsertTimerInActiveList
                0x08001d34       0x84 ..\obj\timers.o
 .text.prvProcessReceivedCommands
                0x08001db8      0x188 ..\obj\timers.o
 .text.prvSwitchTimerLists
                0x08001f40       0xc8 ..\obj\timers.o
 .text.prvCheckForValidListAndQueue
                0x08002008       0x6c ..\obj\timers.o
 .text.UART_GPIO_init
                0x08002074       0x54 ..\obj\hmi_interaction.o
                0x08002074                UART_GPIO_init
 .text.UART_init
                0x080020c8       0x58 ..\obj\hmi_interaction.o
                0x080020c8                UART_init
 .text.DMA_init
                0x08002120      0x114 ..\obj\hmi_interaction.o
                0x08002120                DMA_init
 .text.DMA1_Channel5_changeBufferSize
                0x08002234       0x7c ..\obj\hmi_interaction.o
                0x08002234                DMA1_Channel5_changeBufferSize
 .text.CalculateCRC8
                0x080022b0       0x6c ..\obj\hmi_interaction.o
                0x080022b0                CalculateCRC8
 .text.StartSeries
                0x0800231c       0x1c ..\obj\hmi_interaction.o
                0x0800231c                StartSeries
 .text.StartSeriesFromISR
                0x08002338       0x44 ..\obj\hmi_interaction.o
                0x08002338                StartSeriesFromISR
 .text.HMI_Interaction_Task
                0x0800237c      0x150 ..\obj\hmi_interaction.o
                0x0800237c                HMI_Interaction_Task
 .text.SetValvesAndEngineSettings
                0x080024cc       0xc0 ..\obj\hmi_interaction.o
                0x080024cc                SetValvesAndEngineSettings
 .text.DMA1_Channel5_IRQHandler
                0x0800258c       0x54 ..\obj\hmi_interaction.o
                0x0800258c                DMA1_Channel5_IRQHandler
 .text.DMA1_Channel4_IRQHandler
                0x080025e0       0x24 ..\obj\hmi_interaction.o
                0x080025e0                DMA1_Channel4_IRQHandler
 .text.Buttons_init
                0x08002604       0xa8 ..\obj\hmi_interaction.o
                0x08002604                Buttons_init
 .text.EXTI0_IRQHandler
                0x080026ac       0x80 ..\obj\hmi_interaction.o
                0x080026ac                EXTI0_IRQHandler
 .text.EXTI3_IRQHandler
                0x0800272c       0x48 ..\obj\hmi_interaction.o
                0x0800272c                EXTI3_IRQHandler
 .text.RCC_DeInit
                0x08002774       0x5c ..\obj\stm32f10x_rcc.o
                0x08002774                RCC_DeInit
 .text.RCC_HSEConfig
                0x080027d0       0x5c ..\obj\stm32f10x_rcc.o
                0x080027d0                RCC_HSEConfig
 .text.RCC_PLLConfig
                0x0800282c       0x3c ..\obj\stm32f10x_rcc.o
                0x0800282c                RCC_PLLConfig
 .text.RCC_PLLCmd
                0x08002868       0x20 ..\obj\stm32f10x_rcc.o
                0x08002868                RCC_PLLCmd
 .text.RCC_SYSCLKConfig
                0x08002888       0x38 ..\obj\stm32f10x_rcc.o
                0x08002888                RCC_SYSCLKConfig
 .text.RCC_HCLKConfig
                0x080028c0       0x38 ..\obj\stm32f10x_rcc.o
                0x080028c0                RCC_HCLKConfig
 .text.RCC_PCLK1Config
                0x080028f8       0x38 ..\obj\stm32f10x_rcc.o
                0x080028f8                RCC_PCLK1Config
 .text.RCC_PCLK2Config
                0x08002930       0x38 ..\obj\stm32f10x_rcc.o
                0x08002930                RCC_PCLK2Config
 .text.RCC_ADCCLKConfig
                0x08002968       0x38 ..\obj\stm32f10x_rcc.o
                0x08002968                RCC_ADCCLKConfig
 .text.RCC_LSICmd
                0x080029a0       0x20 ..\obj\stm32f10x_rcc.o
                0x080029a0                RCC_LSICmd
 .text.RCC_RTCCLKConfig
                0x080029c0       0x24 ..\obj\stm32f10x_rcc.o
                0x080029c0                RCC_RTCCLKConfig
 .text.RCC_RTCCLKCmd
                0x080029e4       0x20 ..\obj\stm32f10x_rcc.o
                0x080029e4                RCC_RTCCLKCmd
 .text.RCC_GetClocksFreq
                0x08002a04      0x160 ..\obj\stm32f10x_rcc.o
                0x08002a04                RCC_GetClocksFreq
 .text.RCC_AHBPeriphClockCmd
                0x08002b64       0x3c ..\obj\stm32f10x_rcc.o
                0x08002b64                RCC_AHBPeriphClockCmd
 .text.RCC_APB2PeriphClockCmd
                0x08002ba0       0x3c ..\obj\stm32f10x_rcc.o
                0x08002ba0                RCC_APB2PeriphClockCmd
 .text.RCC_APB1PeriphClockCmd
                0x08002bdc       0x3c ..\obj\stm32f10x_rcc.o
                0x08002bdc                RCC_APB1PeriphClockCmd
 .text.I2C2_EV_IRQHandler
                0x08002c18      0x128 ..\obj\i2c_slave.o
                0x08002c18                I2C2_EV_IRQHandler
 .text.EXTI_ClearFlag
                0x08002d40       0x1c ..\obj\stm32f10x_exti.o
                0x08002d40                EXTI_ClearFlag
 .text.xTaskCreate
                0x08002d5c       0x84 ..\obj\tasks.o
                0x08002d5c                xTaskCreate
 .text.prvInitialiseNewTask
                0x08002de0      0x11c ..\obj\tasks.o
 .text.prvAddNewTaskToReadyList
                0x08002efc       0xdc ..\obj\tasks.o
 .text.vTaskDelete
                0x08002fd8      0x11c ..\obj\tasks.o
                0x08002fd8                vTaskDelete
 .text.vTaskDelay
                0x080030f4       0x68 ..\obj\tasks.o
                0x080030f4                vTaskDelay
 .text.vTaskStartScheduler
                0x0800315c       0x98 ..\obj\tasks.o
                0x0800315c                vTaskStartScheduler
 .text.vTaskSuspendAll
                0x080031f4       0x1c ..\obj\tasks.o
                0x080031f4                vTaskSuspendAll
 .text.xTaskResumeAll
                0x08003210      0x138 ..\obj\tasks.o
                0x08003210                xTaskResumeAll
 .text.xTaskGetTickCount
                0x08003348       0x1c ..\obj\tasks.o
                0x08003348                xTaskGetTickCount
 .text.xTaskIncrementTick
                0x08003364      0x180 ..\obj\tasks.o
                0x08003364                xTaskIncrementTick
 .text.vTaskSwitchContext
                0x080034e4      0x100 ..\obj\tasks.o
                0x080034e4                vTaskSwitchContext
 .text.vTaskPlaceOnEventList
                0x080035e4       0x48 ..\obj\tasks.o
                0x080035e4                vTaskPlaceOnEventList
 .text.vTaskPlaceOnEventListRestricted
                0x0800362c       0x54 ..\obj\tasks.o
                0x0800362c                vTaskPlaceOnEventListRestricted
 .text.xTaskRemoveFromEventList
                0x08003680       0xc4 ..\obj\tasks.o
                0x08003680                xTaskRemoveFromEventList
 .text.vTaskInternalSetTimeOutState
                0x08003744       0x2c ..\obj\tasks.o
                0x08003744                vTaskInternalSetTimeOutState
 .text.xTaskCheckForTimeOut
                0x08003770       0xc0 ..\obj\tasks.o
                0x08003770                xTaskCheckForTimeOut
 .text.vTaskMissedYield
                0x08003830       0x18 ..\obj\tasks.o
                0x08003830                vTaskMissedYield
 .text.prvIdleTask
                0x08003848       0x34 ..\obj\tasks.o
 .text.prvInitialiseTaskLists
                0x0800387c       0x80 ..\obj\tasks.o
 .text.prvCheckTasksWaitingTermination
                0x080038fc       0x58 ..\obj\tasks.o
 .text.prvDeleteTCB
                0x08003954       0x20 ..\obj\tasks.o
 .text.prvResetNextTaskUnblockTime
                0x08003974       0x40 ..\obj\tasks.o
 .text.xTaskGetSchedulerState
                0x080039b4       0x3c ..\obj\tasks.o
                0x080039b4                xTaskGetSchedulerState
 .text.xTaskPriorityInherit
                0x080039f0      0x100 ..\obj\tasks.o
                0x080039f0                xTaskPriorityInherit
 .text.xTaskPriorityDisinherit
                0x08003af0      0x108 ..\obj\tasks.o
                0x08003af0                xTaskPriorityDisinherit
 .text.vTaskPriorityDisinheritAfterTimeout
                0x08003bf8      0x130 ..\obj\tasks.o
                0x08003bf8                vTaskPriorityDisinheritAfterTimeout
 .text.pvTaskIncrementMutexHeldCount
                0x08003d28       0x28 ..\obj\tasks.o
                0x08003d28                pvTaskIncrementMutexHeldCount
 .text.prvAddCurrentTaskToDelayedList
                0x08003d50       0xcc ..\obj\tasks.o
 .text.ADC_Init
                0x08003e1c       0xa4 ..\obj\stm32f10x_adc.o
                0x08003e1c                ADC_Init
 .text.ADC_Cmd  0x08003ec0       0x38 ..\obj\stm32f10x_adc.o
                0x08003ec0                ADC_Cmd
 .text.ADC_ResetCalibration
                0x08003ef8       0x20 ..\obj\stm32f10x_adc.o
                0x08003ef8                ADC_ResetCalibration
 .text.ADC_GetResetCalibrationStatus
                0x08003f18       0x30 ..\obj\stm32f10x_adc.o
                0x08003f18                ADC_GetResetCalibrationStatus
 .text.ADC_StartCalibration
                0x08003f48       0x20 ..\obj\stm32f10x_adc.o
                0x08003f48                ADC_StartCalibration
 .text.ADC_GetCalibrationStatus
                0x08003f68       0x30 ..\obj\stm32f10x_adc.o
                0x08003f68                ADC_GetCalibrationStatus
 .text.ADC_SoftwareStartConvCmd
                0x08003f98       0x38 ..\obj\stm32f10x_adc.o
                0x08003f98                ADC_SoftwareStartConvCmd
 .text.ADC_AutoInjectedConvCmd
                0x08003fd0       0x38 ..\obj\stm32f10x_adc.o
                0x08003fd0                ADC_AutoInjectedConvCmd
 .text.ADC_SoftwareStartInjectedConvCmd
                0x08004008       0x38 ..\obj\stm32f10x_adc.o
                0x08004008                ADC_SoftwareStartInjectedConvCmd
 .text.ADC_InjectedChannelConfig
                0x08004040      0x120 ..\obj\stm32f10x_adc.o
                0x08004040                ADC_InjectedChannelConfig
 .text.ADC_InjectedSequencerLengthConfig
                0x08004160       0x44 ..\obj\stm32f10x_adc.o
                0x08004160                ADC_InjectedSequencerLengthConfig
 .text.USART_Init
                0x080041a4      0x174 ..\obj\stm32f10x_usart.o
                0x080041a4                USART_Init
 .text.USART_StructInit
                0x08004318       0x38 ..\obj\stm32f10x_usart.o
                0x08004318                USART_StructInit
 .text.USART_Cmd
                0x08004350       0x40 ..\obj\stm32f10x_usart.o
                0x08004350                USART_Cmd
 .text.USART_DMACmd
                0x08004390       0x48 ..\obj\stm32f10x_usart.o
                0x08004390                USART_DMACmd
 .text.I2C_GPIO_init
                0x080043d8       0x44 ..\obj\sensorWork.o
                0x080043d8                I2C_GPIO_init
 .text.I2C_init
                0x0800441c       0x84 ..\obj\sensorWork.o
                0x0800441c                I2C_init
 .text.I2C1_EV_IRQHandler
                0x080044a0      0x16c ..\obj\sensorWork.o
                0x080044a0                I2C1_EV_IRQHandler
 .text.DMA1_Channel7_IRQHandler
                0x0800460c       0x58 ..\obj\sensorWork.o
                0x0800460c                DMA1_Channel7_IRQHandler
 .text.vListInitialise
                0x08004664       0x40 ..\obj\list.o
                0x08004664                vListInitialise
 .text.vListInitialiseItem
                0x080046a4       0x18 ..\obj\list.o
                0x080046a4                vListInitialiseItem
 .text.vListInsertEnd
                0x080046bc       0x48 ..\obj\list.o
                0x080046bc                vListInsertEnd
 .text.vListInsert
                0x08004704       0x70 ..\obj\list.o
                0x08004704                vListInsert
 .text.uxListRemove
                0x08004774       0x54 ..\obj\list.o
                0x08004774                uxListRemove
 .text.FLASH_Unlock
                0x080047c8       0x24 ..\obj\stm32f10x_flash.o
                0x080047c8                FLASH_Unlock
 .text.FLASH_Lock
                0x080047ec       0x1c ..\obj\stm32f10x_flash.o
                0x080047ec                FLASH_Lock
 .text.FLASH_ErasePage
                0x08004808       0x64 ..\obj\stm32f10x_flash.o
                0x08004808                FLASH_ErasePage
 .text.FLASH_ProgramWord
                0x0800486c       0x94 ..\obj\stm32f10x_flash.o
                0x0800486c                FLASH_ProgramWord
 .text.FLASH_GetBank1Status
                0x08004900       0x54 ..\obj\stm32f10x_flash.o
                0x08004900                FLASH_GetBank1Status
 .text.FLASH_WaitForLastOperation
                0x08004954       0x44 ..\obj\stm32f10x_flash.o
                0x08004954                FLASH_WaitForLastOperation
 .text.xQueueGenericReset
                0x08004998       0xd0 ..\obj\queue.o
                0x08004998                xQueueGenericReset
 .text.xQueueGenericCreate
                0x08004a68       0x78 ..\obj\queue.o
                0x08004a68                xQueueGenericCreate
 .text.prvInitialiseNewQueue
                0x08004ae0       0x48 ..\obj\queue.o
 .text.xQueueCreateCountingSemaphore
                0x08004b28       0x64 ..\obj\queue.o
                0x08004b28                xQueueCreateCountingSemaphore
 .text.xQueueGenericSend
                0x08004b8c      0x1f4 ..\obj\queue.o
                0x08004b8c                xQueueGenericSend
 .text.xQueueGenericSendFromISR
                0x08004d80      0x128 ..\obj\queue.o
                0x08004d80                xQueueGenericSendFromISR
 .text.xQueueGiveFromISR
                0x08004ea8      0x114 ..\obj\queue.o
                0x08004ea8                xQueueGiveFromISR
 .text.xQueueReceive
                0x08004fbc      0x1b8 ..\obj\queue.o
                0x08004fbc                xQueueReceive
 .text.xQueueSemaphoreTake
                0x08005174      0x210 ..\obj\queue.o
                0x08005174                xQueueSemaphoreTake
 .text.prvGetDisinheritPriorityAfterTimeout
                0x08005384       0x30 ..\obj\queue.o
 .text.prvCopyDataToQueue
                0x080053b4       0xd4 ..\obj\queue.o
 .text.prvCopyDataFromQueue
                0x08005488       0x4c ..\obj\queue.o
 .text.prvUnlockQueue
                0x080054d4       0xa4 ..\obj\queue.o
 .text.prvIsQueueEmpty
                0x08005578       0x2c ..\obj\queue.o
 .text.prvIsQueueFull
                0x080055a4       0x30 ..\obj\queue.o
 .text.vQueueAddToRegistry
                0x080055d4       0x50 ..\obj\queue.o
                0x080055d4                vQueueAddToRegistry
 .text.vQueueWaitForMessageRestricted
                0x08005624       0x68 ..\obj\queue.o
                0x08005624                vQueueWaitForMessageRestricted
 .text.pxPortInitialiseStack
                0x0800568c       0x58 ..\obj\port.o
                0x0800568c                pxPortInitialiseStack
 .text.prvTaskExitError
                0x080056e4       0x50 ..\obj\port.o
 *fill*         0x08005734        0xc 
 .text.SVC_Handler
                0x08005740       0x28 ..\obj\port.o
                0x08005740                SVC_Handler
 .text.prvPortStartFirstTask
                0x08005768       0x20 ..\obj\port.o
 .text.xPortStartScheduler
                0x08005788      0x100 ..\obj\port.o
                0x08005788                xPortStartScheduler
 .text.vPortEnterCritical
                0x08005888       0x5c ..\obj\port.o
                0x08005888                vPortEnterCritical
 .text.vPortExitCritical
                0x080058e4       0x4c ..\obj\port.o
                0x080058e4                vPortExitCritical
 .text.PendSV_Handler
                0x08005930       0x48 ..\obj\port.o
                0x08005930                PendSV_Handler
 .text.SysTick_Handler
                0x08005978       0x40 ..\obj\port.o
                0x08005978                SysTick_Handler
 .text.vPortSetupTimerInterrupt
                0x080059b8       0x44 ..\obj\port.o
                0x080059b8                vPortSetupTimerInterrupt
 .text.vPortValidateInterruptPriority
                0x080059fc       0x78 ..\obj\port.o
                0x080059fc                vPortValidateInterruptPriority
 .text.SetClockSettings
                0x08005a74       0x74 ..\obj\clocking.o
                0x08005a74                SetClockSettings
 .text.DMA_DeInit
                0x08005ae8      0x178 ..\obj\stm32f10x_dma.o
                0x08005ae8                DMA_DeInit
 .text.DMA_Init
                0x08005c60       0x7c ..\obj\stm32f10x_dma.o
                0x08005c60                DMA_Init
 .text.DMA_Cmd  0x08005cdc       0x38 ..\obj\stm32f10x_dma.o
                0x08005cdc                DMA_Cmd
 .text.DMA_ITConfig
                0x08005d14       0x3c ..\obj\stm32f10x_dma.o
                0x08005d14                DMA_ITConfig
 .text.DMA_ClearITPendingBit
                0x08005d50       0x34 ..\obj\stm32f10x_dma.o
                0x08005d50                DMA_ClearITPendingBit
 .text.IWatchDog_init
                0x08005d84       0x34 ..\obj\iwatchdog.o
                0x08005d84                IWatchDog_init
 .text.IWatchDog_Task
                0x08005db8       0x18 ..\obj\iwatchdog.o
                0x08005db8                IWatchDog_Task
 .text.NVIC_PriorityGroupConfig
                0x08005dd0       0x24 ..\obj\misc.o
                0x08005dd0                NVIC_PriorityGroupConfig
 .text.NVIC_Init
                0x08005df4       0xc4 ..\obj\misc.o
                0x08005df4                NVIC_Init
 .text.I2C_Init
                0x08005eb8      0x184 ..\obj\stm32f10x_i2c.o
                0x08005eb8                I2C_Init
 .text.I2C_Cmd  0x0800603c       0x40 ..\obj\stm32f10x_i2c.o
                0x0800603c                I2C_Cmd
 .text.I2C_DMACmd
                0x0800607c       0x40 ..\obj\stm32f10x_i2c.o
                0x0800607c                I2C_DMACmd
 .text.I2C_GenerateSTOP
                0x080060bc       0x40 ..\obj\stm32f10x_i2c.o
                0x080060bc                I2C_GenerateSTOP
 .text.I2C_AcknowledgeConfig
                0x080060fc       0x40 ..\obj\stm32f10x_i2c.o
                0x080060fc                I2C_AcknowledgeConfig
 .text.I2C_ITConfig
                0x0800613c       0x48 ..\obj\stm32f10x_i2c.o
                0x0800613c                I2C_ITConfig
 .text.I2C_SendData
                0x08006184       0x20 ..\obj\stm32f10x_i2c.o
                0x08006184                I2C_SendData
 .text.I2C_ReceiveData
                0x080061a4       0x1c ..\obj\stm32f10x_i2c.o
                0x080061a4                I2C_ReceiveData
 .text.I2C_Send7bitAddress
                0x080061c0       0x3c ..\obj\stm32f10x_i2c.o
                0x080061c0                I2C_Send7bitAddress
 .text.I2C_GetLastEvent
                0x080061fc       0x44 ..\obj\stm32f10x_i2c.o
                0x080061fc                I2C_GetLastEvent
 .text.I2C_ClearFlag
                0x08006240       0x2c ..\obj\stm32f10x_i2c.o
                0x08006240                I2C_ClearFlag
 .text.I2C_GetITStatus
                0x0800626c       0x58 ..\obj\stm32f10x_i2c.o
                0x0800626c                I2C_GetITStatus
 .text.I2C_ClearITPendingBit
                0x080062c4       0x2c ..\obj\stm32f10x_i2c.o
                0x080062c4                I2C_ClearITPendingBit
 .text.Valves_Pins_init
                0x080062f0       0x78 ..\obj\valvesControl.o
                0x080062f0                Valves_Pins_init
 .text.ValvesOFF
                0x08006368       0x2c ..\obj\valvesControl.o
                0x08006368                ValvesOFF
 .text.Valves_Timer_init
                0x08006394       0x78 ..\obj\valvesControl.o
                0x08006394                Valves_Timer_init
 .text.ValvesImpulseParametersInit
                0x0800640c      0x104 ..\obj\valvesControl.o
                0x0800640c                ValvesImpulseParametersInit
 .text.ValvesSetMicrocontrollerPort
                0x08006510       0x50 ..\obj\valvesControl.o
                0x08006510                ValvesSetMicrocontrollerPort
 .text.ValvesControlArrayInit
                0x08006560       0x64 ..\obj\valvesControl.o
                0x08006560                ValvesControlArrayInit
 .text.Flash_WriteValvesSettings
                0x080065c4       0x74 ..\obj\valvesControl.o
                0x080065c4                Flash_WriteValvesSettings
 .text.ValveSetState
                0x08006638       0xa8 ..\obj\valvesControl.o
                0x08006638                ValveSetState
 .text.ValvesControl_Task
                0x080066e0      0x324 ..\obj\valvesControl.o
                0x080066e0                ValvesControl_Task
 .text.TIM2_IRQHandler
                0x08006a04       0x50 ..\obj\valvesControl.o
                0x08006a04                TIM2_IRQHandler
 .text.pvPortMalloc
                0x08006a54      0x124 ..\obj\heap_2.o
                0x08006a54                pvPortMalloc
 .text.vPortFree
                0x08006b78       0x74 ..\obj\heap_2.o
                0x08006b78                vPortFree
 .text.prvHeapInit
                0x08006bec       0x50 ..\obj\heap_2.o
 .text.IWDG_SetPrescaler
                0x08006c3c       0x20 ..\obj\stm32f10x_iwdg.o
                0x08006c3c                IWDG_SetPrescaler
 .text.IWDG_SetReload
                0x08006c5c       0x20 ..\obj\stm32f10x_iwdg.o
                0x08006c5c                IWDG_SetReload
 .text.IWDG_ReloadCounter
                0x08006c7c       0x18 ..\obj\stm32f10x_iwdg.o
                0x08006c7c                IWDG_ReloadCounter
 .text.IWDG_Enable
                0x08006c94       0x18 ..\obj\stm32f10x_iwdg.o
                0x08006c94                IWDG_Enable
 .text.IWDG_GetFlagStatus
                0x08006cac       0x34 ..\obj\stm32f10x_iwdg.o
                0x08006cac                IWDG_GetFlagStatus
 .text          0x08006ce0       0xec c:/program files (x86)/gnu tools arm embedded/5.3 2016q1/bin/../lib/gcc/arm-none-eabi/5.3.1/../../../../arm-none-eabi/lib/armv7-m\libg.a(lib_a-memcpy.o)
                0x08006ce0                memcpy
 .text.memset   0x08006dcc       0x9c c:/program files (x86)/gnu tools arm embedded/5.3 2016q1/bin/../lib/gcc/arm-none-eabi/5.3.1/../../../../arm-none-eabi/lib/armv7-m\libg.a(lib_a-memset.o)
                0x08006dcc                memset
 *(.init)
 *(.fini)
 *crtbegin.o(.ctors)
 *crtbegin?.o(.ctors)
 *(EXCLUDE_FILE(*crtend.o *crtend?.o) .ctors)
 *(SORT(.ctors.*))
 *(.ctors)
 *crtbegin.o(.dtors)
 *crtbegin?.o(.dtors)
 *(EXCLUDE_FILE(*crtend.o *crtend?.o) .dtors)
 *(SORT(.dtors.*))
 *(.dtors)
 *(.rodata*)
 .rodata        0x08006e68       0x4f ..\obj\main.o
 *fill*         0x08006eb7        0x1 
 .rodata        0x08006eb8        0xd ..\obj\timers.o
 *fill*         0x08006ec5        0x3 
 .rodata        0x08006ec8        0x5 ..\obj\tasks.o
 *(.eh_fram e*)

.glue_7         0x08006ed0        0x0
 .glue_7        0x08006ed0        0x0 linker stubs

.glue_7t        0x08006ed0        0x0
 .glue_7t       0x08006ed0        0x0 linker stubs

.vfp11_veneer   0x08006ed0        0x0
 .vfp11_veneer  0x08006ed0        0x0 linker stubs

.v4_bx          0x08006ed0        0x0
 .v4_bx         0x08006ed0        0x0 linker stubs

.iplt           0x08006ed0        0x0
 .iplt          0x08006ed0        0x0 ..\obj\stm32f10x_rtc.o

.rel.dyn        0x08006ed0        0x0
 .rel.iplt      0x08006ed0        0x0 ..\obj\stm32f10x_rtc.o

.ARM.extab
 *(.ARM.extab* .gnu.linkonce.armextab.*)
                0x08006ed0                __exidx_start = .

.ARM.exidx
 *(.ARM.exidx* .gnu.linkonce.armexidx.*)
                0x08006ed0                __exidx_end = .
                0x08006ed0                __etext = .
                0x08006ecd                _sidata = __etext

.data           0x20000000       0x34 load address 0x08006ecd
                0x20000000                __data_start__ = .
                0x20000000                _sdata = __data_start__
 *(vtable)
 *(.data*)
 .data          0x20000000        0x2 ..\obj\engineControl.o
 *fill*         0x20000002        0x2 
 .data          0x20000004       0x14 ..\obj\system_stm32f10x.o
                0x20000004                SystemCoreClock
                0x20000008                AHBPrescTable
 .data          0x20000018       0x14 ..\obj\stm32f10x_rcc.o
 .data          0x2000002c        0x4 ..\obj\port.o
 .data          0x20000030        0x4 ..\obj\heap_2.o
                0x20000034                . = ALIGN (0x4)
                [!provide]                PROVIDE (__preinit_array_start, .)
 *(.preinit_array)
                [!provide]                PROVIDE (__preinit_array_end, .)
                0x20000034                . = ALIGN (0x4)
                [!provide]                PROVIDE (__init_array_start, .)
 *(SORT(.init_array.*))
 *(.init_array)
                [!provide]                PROVIDE (__init_array_end, .)
                0x20000034                . = ALIGN (0x4)
                [!provide]                PROVIDE (__fini_array_start, .)
 *(SORT(.fini_array.*))
 *(.fini_array)
                [!provide]                PROVIDE (__fini_array_end, .)
 *(.jcr*)
                0x20000034                . = ALIGN (0x4)
                0x20000034                __data_end__ = .
                0x20000034                _edata = __data_end__

.igot.plt       0x20000034        0x0 load address 0x08006f04
 .igot.plt      0x20000034        0x0 ..\obj\stm32f10x_rtc.o

.bss            0x20000034     0x3e04 load address 0x08006f04
                0x20000034                . = ALIGN (0x4)
                0x20000034                __bss_start__ = .
                0x20000034                _sbss = __bss_start__
 *(.bss*)
 .bss           0x20000034        0xe ..\obj\engineControl.o
 *fill*         0x20000042        0x2 
 .bss           0x20000044        0x8 ..\obj\flash.o
 .bss           0x2000004c       0x3c ..\obj\timers.o
 .bss           0x20000088       0x10 ..\obj\i2c_slave.o
 .bss           0x20000098      0x104 ..\obj\tasks.o
                0x20000098                pxCurrentTCB
 .bss           0x2000019c        0x4 ..\obj\sensorWork.o
 .bss           0x200001a0        0x8 ..\obj\port.o
 .bss           0x200001a8     0x3c14 ..\obj\heap_2.o
 *(COMMON)
 COMMON         0x20003dbc       0x3c ..\obj\main.o
                0x20003dbc                SensorParameters_Queue
                0x20003dc0                RTOS_tim_1
                0x20003dc4                frequency
                0x20003dc8                dataToUART
                0x20003dcc                StartEngine_Semaphore
                0x20003dd0                USART1_DataReceived_Semaphore
                0x20003dd4                valvesControl
                0x20003dd8                IWatchDog_Handler
                0x20003ddc                ValvesTimer_Semaphore
                0x20003de0                counter
                0x20003de4                ValvesImpulseParameters_Queue
                0x20003de8                SensorWork_Handler
                0x20003dec                engineControl
                0x20003df0                EngineParameters_Queue
                0x20003df4                StartSeries_Semaphore
 COMMON         0x20003df8       0x40 ..\obj\queue.o
                0x20003df8                xQueueRegistry
                0x20003e38                . = ALIGN (0x4)
                0x20003e38                __bss_end__ = .
                0x20003e38                _ebss = __bss_end__

.heap           0x20003e38        0x0
                0x20003e38                __end__ = .
                0x20003e38                _end = __end__
                0x20003e38                end = __end__
 *(.heap*)
                0x20003e38                __HeapLimit = .

.co_stack       0x20003e38      0x400 load address 0x0800ad08
                0x20003e38                . = ALIGN (0x8)
 *(.co_stack .co_stack.*)
 .co_stack      0x20003e38      0x400 ..\obj\startup_stm32f10x_md.o
                0x20003e38                pulStack
                0x20005000                __StackTop = (ORIGIN (ram) + LENGTH (ram))
                0x20004c00                __StackLimit = (__StackTop - SIZEOF (.co_stack))
                [!provide]                PROVIDE (__stack, __StackTop)
                0x00000001                ASSERT ((__StackLimit >= __HeapLimit), region ram  overflowed with stack)
LOAD ..\obj\stm32f10x_rtc.o
LOAD ..\obj\engineControl.o
LOAD ..\obj\stm32f10x_tim.o
LOAD ..\obj\flash.o
LOAD ..\obj\timer.o
LOAD ..\obj\system_stm32f10x.o
LOAD ..\obj\stm32f10x_pwr.o
LOAD ..\obj\startup_stm32f10x_md.o
LOAD ..\obj\stm32f10x_gpio.o
LOAD ..\obj\main.o
LOAD ..\obj\timers.o
LOAD ..\obj\hmi_interaction.o
LOAD ..\obj\stm32f10x_rcc.o
LOAD ..\obj\i2c_slave.o
LOAD ..\obj\stm32f10x_exti.o
LOAD ..\obj\tasks.o
LOAD ..\obj\stm32f10x_adc.o
LOAD ..\obj\stm32f10x_usart.o
LOAD ..\obj\sensorWork.o
LOAD ..\obj\parametersControl.o
LOAD ..\obj\list.o
LOAD ..\obj\stm32f10x_flash.o
LOAD ..\obj\queue.o
LOAD ..\obj\port.o
LOAD ..\obj\clocking.o
LOAD ..\obj\stm32f10x_dma.o
LOAD ..\obj\stream_buffer.o
LOAD ..\obj\croutine.o
LOAD ..\obj\iwatchdog.o
LOAD ..\obj\event_groups.o
LOAD ..\obj\misc.o
LOAD ..\obj\stm32f10x_i2c.o
LOAD ..\obj\valvesControl.o
LOAD ..\obj\heap_2.o
LOAD ..\obj\alarmActions.o
LOAD ..\obj\stm32f10x_iwdg.o
START GROUP
LOAD c:/program files (x86)/gnu tools arm embedded/5.3 2016q1/bin/../lib/gcc/arm-none-eabi/5.3.1/armv7-m\libgcc.a
LOAD c:/program files (x86)/gnu tools arm embedded/5.3 2016q1/bin/../lib/gcc/arm-none-eabi/5.3.1/../../../../arm-none-eabi/lib/armv7-m\libg.a
LOAD c:/program files (x86)/gnu tools arm embedded/5.3 2016q1/bin/../lib/gcc/arm-none-eabi/5.3.1/../../../../arm-none-eabi/lib/armv7-m\libc.a
END GROUP
OUTPUT(Invertor.elf elf32-littlearm)

.debug_info     0x00000000    0x10279
 .debug_info    0x00000000      0xf46 ..\obj\engineControl.o
 .debug_info    0x00000f46     0x1c60 ..\obj\stm32f10x_tim.o
 .debug_info    0x00002ba6      0x1fd ..\obj\flash.o
 .debug_info    0x00002da3      0x88d ..\obj\timer.o
 .debug_info    0x00003630      0x49c ..\obj\system_stm32f10x.o
 .debug_info    0x00003acc       0xee ..\obj\startup_stm32f10x_md.o
 .debug_info    0x00003bba      0x6f6 ..\obj\stm32f10x_gpio.o
 .debug_info    0x000042b0      0xb0e ..\obj\main.o
 .debug_info    0x00004dbe      0xc74 ..\obj\timers.o
 .debug_info    0x00005a32      0xac0 ..\obj\hmi_interaction.o
 .debug_info    0x000064f2      0x8a3 ..\obj\stm32f10x_rcc.o
 .debug_info    0x00006d95      0x5f4 ..\obj\i2c_slave.o
 .debug_info    0x00007389      0x351 ..\obj\stm32f10x_exti.o
 .debug_info    0x000076da     0x1f65 ..\obj\tasks.o
 .debug_info    0x0000963f      0xb7c ..\obj\stm32f10x_adc.o
 .debug_info    0x0000a1bb      0x9f0 ..\obj\stm32f10x_usart.o
 .debug_info    0x0000abab      0x897 ..\obj\sensorWork.o
 .debug_info    0x0000b442      0x2d6 ..\obj\list.o
 .debug_info    0x0000b718      0x7bd ..\obj\stm32f10x_flash.o
 .debug_info    0x0000bed5     0x173c ..\obj\queue.o
 .debug_info    0x0000d611      0x523 ..\obj\port.o
 .debug_info    0x0000db34      0x19a ..\obj\clocking.o
 .debug_info    0x0000dcce      0x47b ..\obj\stm32f10x_dma.o
 .debug_info    0x0000e149      0x12a ..\obj\iwatchdog.o
 .debug_info    0x0000e273      0x556 ..\obj\misc.o
 .debug_info    0x0000e7c9      0xb0c ..\obj\stm32f10x_i2c.o
 .debug_info    0x0000f2d5      0xa82 ..\obj\valvesControl.o
 .debug_info    0x0000fd57      0x314 ..\obj\heap_2.o
 .debug_info    0x0001006b      0x20e ..\obj\stm32f10x_iwdg.o

.debug_abbrev   0x00000000     0x2cfa
 .debug_abbrev  0x00000000      0x24f ..\obj\engineControl.o
 .debug_abbrev  0x0000024f      0x1b2 ..\obj\stm32f10x_tim.o
 .debug_abbrev  0x00000401       0xcf ..\obj\flash.o
 .debug_abbrev  0x000004d0      0x139 ..\obj\timer.o
 .debug_abbrev  0x00000609      0x14e ..\obj\system_stm32f10x.o
 .debug_abbrev  0x00000757       0xa7 ..\obj\startup_stm32f10x_md.o
 .debug_abbrev  0x000007fe      0x1cc ..\obj\stm32f10x_gpio.o
 .debug_abbrev  0x000009ca      0x1df ..\obj\main.o
 .debug_abbrev  0x00000ba9      0x22b ..\obj\timers.o
 .debug_abbrev  0x00000dd4      0x256 ..\obj\hmi_interaction.o
 .debug_abbrev  0x0000102a      0x1bc ..\obj\stm32f10x_rcc.o
 .debug_abbrev  0x000011e6      0x161 ..\obj\i2c_slave.o
 .debug_abbrev  0x00001347      0x155 ..\obj\stm32f10x_exti.o
 .debug_abbrev  0x0000149c      0x2ad ..\obj\tasks.o
 .debug_abbrev  0x00001749      0x19a ..\obj\stm32f10x_adc.o
 .debug_abbrev  0x000018e3      0x164 ..\obj\stm32f10x_usart.o
 .debug_abbrev  0x00001a47      0x1f5 ..\obj\sensorWork.o
 .debug_abbrev  0x00001c3c       0xd6 ..\obj\list.o
 .debug_abbrev  0x00001d12      0x18f ..\obj\stm32f10x_flash.o
 .debug_abbrev  0x00001ea1      0x270 ..\obj\queue.o
 .debug_abbrev  0x00002111      0x202 ..\obj\port.o
 .debug_abbrev  0x00002313       0xc4 ..\obj\clocking.o
 .debug_abbrev  0x000023d7      0x157 ..\obj\stm32f10x_dma.o
 .debug_abbrev  0x0000252e       0xd3 ..\obj\iwatchdog.o
 .debug_abbrev  0x00002601      0x147 ..\obj\misc.o
 .debug_abbrev  0x00002748      0x166 ..\obj\stm32f10x_i2c.o
 .debug_abbrev  0x000028ae      0x1d4 ..\obj\valvesControl.o
 .debug_abbrev  0x00002a82      0x175 ..\obj\heap_2.o
 .debug_abbrev  0x00002bf7      0x103 ..\obj\stm32f10x_iwdg.o

.debug_aranges  0x00000000     0x1318
 .debug_aranges
                0x00000000      0x100 ..\obj\engineControl.o
 .debug_aranges
                0x00000100      0x2f0 ..\obj\stm32f10x_tim.o
 .debug_aranges
                0x000003f0       0x38 ..\obj\flash.o
 .debug_aranges
                0x00000428       0x38 ..\obj\timer.o
 .debug_aranges
                0x00000460       0x38 ..\obj\system_stm32f10x.o
 .debug_aranges
                0x00000498       0x28 ..\obj\startup_stm32f10x_md.o
 .debug_aranges
                0x000004c0       0xa8 ..\obj\stm32f10x_gpio.o
 .debug_aranges
                0x00000568       0x50 ..\obj\main.o
 .debug_aranges
                0x000005b8       0xd0 ..\obj\timers.o
 .debug_aranges
                0x00000688       0x88 ..\obj\hmi_interaction.o
 .debug_aranges
                0x00000710      0x118 ..\obj\stm32f10x_rcc.o
 .debug_aranges
                0x00000828       0x38 ..\obj\i2c_slave.o
 .debug_aranges
                0x00000860       0x58 ..\obj\stm32f10x_exti.o
 .debug_aranges
                0x000008b8      0x1e8 ..\obj\tasks.o
 .debug_aranges
                0x00000aa0      0x138 ..\obj\stm32f10x_adc.o
 .debug_aranges
                0x00000bd8      0x100 ..\obj\stm32f10x_usart.o
 .debug_aranges
                0x00000cd8       0x58 ..\obj\sensorWork.o
 .debug_aranges
                0x00000d30       0x40 ..\obj\list.o
 .debug_aranges
                0x00000d70       0xf8 ..\obj\stm32f10x_flash.o
 .debug_aranges
                0x00000e68      0x130 ..\obj\queue.o
 .debug_aranges
                0x00000f98       0x78 ..\obj\port.o
 .debug_aranges
                0x00001010       0x20 ..\obj\clocking.o
 .debug_aranges
                0x00001030       0x70 ..\obj\stm32f10x_dma.o
 .debug_aranges
                0x000010a0       0x28 ..\obj\iwatchdog.o
 .debug_aranges
                0x000010c8       0x40 ..\obj\misc.o
 .debug_aranges
                0x00001108      0x120 ..\obj\stm32f10x_i2c.o
 .debug_aranges
                0x00001228       0x68 ..\obj\valvesControl.o
 .debug_aranges
                0x00001290       0x40 ..\obj\heap_2.o
 .debug_aranges
                0x000012d0       0x48 ..\obj\stm32f10x_iwdg.o

.debug_ranges   0x00000000     0x1148
 .debug_ranges  0x00000000       0xf0 ..\obj\engineControl.o
 .debug_ranges  0x000000f0      0x2e0 ..\obj\stm32f10x_tim.o
 .debug_ranges  0x000003d0       0x28 ..\obj\flash.o
 .debug_ranges  0x000003f8       0x28 ..\obj\timer.o
 .debug_ranges  0x00000420       0x28 ..\obj\system_stm32f10x.o
 .debug_ranges  0x00000448       0x18 ..\obj\startup_stm32f10x_md.o
 .debug_ranges  0x00000460       0x98 ..\obj\stm32f10x_gpio.o
 .debug_ranges  0x000004f8       0x40 ..\obj\main.o
 .debug_ranges  0x00000538       0xc0 ..\obj\timers.o
 .debug_ranges  0x000005f8       0x78 ..\obj\hmi_interaction.o
 .debug_ranges  0x00000670      0x108 ..\obj\stm32f10x_rcc.o
 .debug_ranges  0x00000778       0x28 ..\obj\i2c_slave.o
 .debug_ranges  0x000007a0       0x48 ..\obj\stm32f10x_exti.o
 .debug_ranges  0x000007e8      0x1d8 ..\obj\tasks.o
 .debug_ranges  0x000009c0      0x128 ..\obj\stm32f10x_adc.o
 .debug_ranges  0x00000ae8       0xf0 ..\obj\stm32f10x_usart.o
 .debug_ranges  0x00000bd8       0x48 ..\obj\sensorWork.o
 .debug_ranges  0x00000c20       0x30 ..\obj\list.o
 .debug_ranges  0x00000c50       0xe8 ..\obj\stm32f10x_flash.o
 .debug_ranges  0x00000d38      0x120 ..\obj\queue.o
 .debug_ranges  0x00000e58       0x68 ..\obj\port.o
 .debug_ranges  0x00000ec0       0x10 ..\obj\clocking.o
 .debug_ranges  0x00000ed0       0x60 ..\obj\stm32f10x_dma.o
 .debug_ranges  0x00000f30       0x18 ..\obj\iwatchdog.o
 .debug_ranges  0x00000f48       0x30 ..\obj\misc.o
 .debug_ranges  0x00000f78      0x110 ..\obj\stm32f10x_i2c.o
 .debug_ranges  0x00001088       0x58 ..\obj\valvesControl.o
 .debug_ranges  0x000010e0       0x30 ..\obj\heap_2.o
 .debug_ranges  0x00001110       0x38 ..\obj\stm32f10x_iwdg.o

.debug_line     0x00000000     0x84f3
 .debug_line    0x00000000      0x6f1 ..\obj\engineControl.o
 .debug_line    0x000006f1      0xb7c ..\obj\stm32f10x_tim.o
 .debug_line    0x0000126d      0x1ca ..\obj\flash.o
 .debug_line    0x00001437      0x2ea ..\obj\timer.o
 .debug_line    0x00001721      0x238 ..\obj\system_stm32f10x.o
 .debug_line    0x00001959       0xac ..\obj\startup_stm32f10x_md.o
 .debug_line    0x00001a05      0x3fc ..\obj\stm32f10x_gpio.o
 .debug_line    0x00001e01      0x39b ..\obj\main.o
 .debug_line    0x0000219c      0x601 ..\obj\timers.o
 .debug_line    0x0000279d      0x575 ..\obj\hmi_interaction.o
 .debug_line    0x00002d12      0x4f7 ..\obj\stm32f10x_rcc.o
 .debug_line    0x00003209      0x2be ..\obj\i2c_slave.o
 .debug_line    0x000034c7      0x2d2 ..\obj\stm32f10x_exti.o
 .debug_line    0x00003799      0xf13 ..\obj\tasks.o
 .debug_line    0x000046ac      0x566 ..\obj\stm32f10x_adc.o
 .debug_line    0x00004c12      0x4de ..\obj\stm32f10x_usart.o
 .debug_line    0x000050f0      0x402 ..\obj\sensorWork.o
 .debug_line    0x000054f2      0x292 ..\obj\list.o
 .debug_line    0x00005784      0x4f8 ..\obj\stm32f10x_flash.o
 .debug_line    0x00005c7c      0xc17 ..\obj\queue.o
 .debug_line    0x00006893      0x3db ..\obj\port.o
 .debug_line    0x00006c6e      0x1d8 ..\obj\clocking.o
 .debug_line    0x00006e46      0x364 ..\obj\stm32f10x_dma.o
 .debug_line    0x000071aa      0x1f9 ..\obj\iwatchdog.o
 .debug_line    0x000073a3      0x26f ..\obj\misc.o
 .debug_line    0x00007612      0x511 ..\obj\stm32f10x_i2c.o
 .debug_line    0x00007b23      0x4b3 ..\obj\valvesControl.o
 .debug_line    0x00007fd6      0x2ea ..\obj\heap_2.o
 .debug_line    0x000082c0      0x233 ..\obj\stm32f10x_iwdg.o

.debug_str      0x00000000     0x5f50
 .debug_str     0x00000000      0xddb ..\obj\engineControl.o
                                0xe56 (size before relaxing)
 .debug_str     0x00000ddb      0xaea ..\obj\stm32f10x_tim.o
                                0xdef (size before relaxing)
 .debug_str     0x000018c5       0xab ..\obj\flash.o
                                0x21c (size before relaxing)
 .debug_str     0x00001970       0xa3 ..\obj\timer.o
                                0xaae (size before relaxing)
 .debug_str     0x00001a13      0x17c ..\obj\system_stm32f10x.o
                                0x301 (size before relaxing)
 .debug_str     0x00001b8f       0xba ..\obj\startup_stm32f10x_md.o
                                0x151 (size before relaxing)
 .debug_str     0x00001c49      0x23d ..\obj\stm32f10x_gpio.o
                                0x52b (size before relaxing)
 .debug_str     0x00001e86      0x23c ..\obj\main.o
                                0xc7c (size before relaxing)
 .debug_str     0x000020c2      0x549 ..\obj\timers.o
                                0x775 (size before relaxing)
 .debug_str     0x0000260b      0x3cf ..\obj\hmi_interaction.o
                                0xbd1 (size before relaxing)
 .debug_str     0x000029da      0x3f2 ..\obj\stm32f10x_rcc.o
                                0x62c (size before relaxing)
 .debug_str     0x00002dcc      0x14f ..\obj\i2c_slave.o
                                0x7c3 (size before relaxing)
 .debug_str     0x00002f1b      0x1bf ..\obj\stm32f10x_exti.o
                                0x35b (size before relaxing)
 .debug_str     0x000030da      0xd35 ..\obj\tasks.o
                               0x104c (size before relaxing)
 .debug_str     0x00003e0f      0x469 ..\obj\stm32f10x_adc.o
                                0x70d (size before relaxing)
 .debug_str     0x00004278      0x3ac ..\obj\stm32f10x_usart.o
                                0x6a2 (size before relaxing)
 .debug_str     0x00004624      0x1c0 ..\obj\sensorWork.o
                                0xa05 (size before relaxing)
 .debug_str     0x000047e4       0xd3 ..\obj\list.o
                                0x2d2 (size before relaxing)
 .debug_str     0x000048b7      0x409 ..\obj\stm32f10x_flash.o
                                0x5fa (size before relaxing)
 .debug_str     0x00004cc0      0x5cb ..\obj\queue.o
                                0x969 (size before relaxing)
 .debug_str     0x0000528b      0x201 ..\obj\port.o
                                0x405 (size before relaxing)
 .debug_str     0x0000548c       0x54 ..\obj\clocking.o
                                0x1f0 (size before relaxing)
 .debug_str     0x000054e0      0x149 ..\obj\stm32f10x_dma.o
                                0x3c9 (size before relaxing)
 .debug_str     0x00005629       0x63 ..\obj\iwatchdog.o
                                0x1cf (size before relaxing)
 .debug_str     0x0000568c      0x15c ..\obj\misc.o
                                0x3d0 (size before relaxing)
 .debug_str     0x000057e8      0x342 ..\obj\stm32f10x_i2c.o
                                0x678 (size before relaxing)
 .debug_str     0x00005b2a      0x1c9 ..\obj\valvesControl.o
                                0xbb8 (size before relaxing)
 .debug_str     0x00005cf3      0x173 ..\obj\heap_2.o
                                0x329 (size before relaxing)
 .debug_str     0x00005e66       0xea ..\obj\stm32f10x_iwdg.o
                                0x26e (size before relaxing)

.comment        0x00000000       0x6e
 .comment       0x00000000       0x6e ..\obj\engineControl.o
                                 0x6f (size before relaxing)
 .comment       0x0000006e       0x6f ..\obj\stm32f10x_tim.o
 .comment       0x0000006e       0x6f ..\obj\flash.o
 .comment       0x0000006e       0x6f ..\obj\timer.o
 .comment       0x0000006e       0x6f ..\obj\system_stm32f10x.o
 .comment       0x0000006e       0x6f ..\obj\startup_stm32f10x_md.o
 .comment       0x0000006e       0x6f ..\obj\stm32f10x_gpio.o
 .comment       0x0000006e       0x6f ..\obj\main.o
 .comment       0x0000006e       0x6f ..\obj\timers.o
 .comment       0x0000006e       0x6f ..\obj\hmi_interaction.o
 .comment       0x0000006e       0x6f ..\obj\stm32f10x_rcc.o
 .comment       0x0000006e       0x6f ..\obj\i2c_slave.o
 .comment       0x0000006e       0x6f ..\obj\stm32f10x_exti.o
 .comment       0x0000006e       0x6f ..\obj\tasks.o
 .comment       0x0000006e       0x6f ..\obj\stm32f10x_adc.o
 .comment       0x0000006e       0x6f ..\obj\stm32f10x_usart.o
 .comment       0x0000006e       0x6f ..\obj\sensorWork.o
 .comment       0x0000006e       0x6f ..\obj\list.o
 .comment       0x0000006e       0x6f ..\obj\stm32f10x_flash.o
 .comment       0x0000006e       0x6f ..\obj\queue.o
 .comment       0x0000006e       0x6f ..\obj\port.o
 .comment       0x0000006e       0x6f ..\obj\clocking.o
 .comment       0x0000006e       0x6f ..\obj\stm32f10x_dma.o
 .comment       0x0000006e       0x6f ..\obj\iwatchdog.o
 .comment       0x0000006e       0x6f ..\obj\misc.o
 .comment       0x0000006e       0x6f ..\obj\stm32f10x_i2c.o
 .comment       0x0000006e       0x6f ..\obj\valvesControl.o
 .comment       0x0000006e       0x6f ..\obj\heap_2.o
 .comment       0x0000006e       0x6f ..\obj\stm32f10x_iwdg.o

.ARM.attributes
                0x00000000       0x31
 .ARM.attributes
                0x00000000       0x33 ..\obj\engineControl.o
 .ARM.attributes
                0x00000033       0x33 ..\obj\stm32f10x_tim.o
 .ARM.attributes
                0x00000066       0x33 ..\obj\flash.o
 .ARM.attributes
                0x00000099       0x33 ..\obj\timer.o
 .ARM.attributes
                0x000000cc       0x33 ..\obj\system_stm32f10x.o
 .ARM.attributes
                0x000000ff       0x33 ..\obj\startup_stm32f10x_md.o
 .ARM.attributes
                0x00000132       0x33 ..\obj\stm32f10x_gpio.o
 .ARM.attributes
                0x00000165       0x33 ..\obj\main.o
 .ARM.attributes
                0x00000198       0x33 ..\obj\timers.o
 .ARM.attributes
                0x000001cb       0x33 ..\obj\hmi_interaction.o
 .ARM.attributes
                0x000001fe       0x33 ..\obj\stm32f10x_rcc.o
 .ARM.attributes
                0x00000231       0x33 ..\obj\i2c_slave.o
 .ARM.attributes
                0x00000264       0x33 ..\obj\stm32f10x_exti.o
 .ARM.attributes
                0x00000297       0x33 ..\obj\tasks.o
 .ARM.attributes
                0x000002ca       0x33 ..\obj\stm32f10x_adc.o
 .ARM.attributes
                0x000002fd       0x33 ..\obj\stm32f10x_usart.o
 .ARM.attributes
                0x00000330       0x33 ..\obj\sensorWork.o
 .ARM.attributes
                0x00000363       0x33 ..\obj\list.o
 .ARM.attributes
                0x00000396       0x33 ..\obj\stm32f10x_flash.o
 .ARM.attributes
                0x000003c9       0x33 ..\obj\queue.o
 .ARM.attributes
                0x000003fc       0x33 ..\obj\port.o
 .ARM.attributes
                0x0000042f       0x33 ..\obj\clocking.o
 .ARM.attributes
                0x00000462       0x33 ..\obj\stm32f10x_dma.o
 .ARM.attributes
                0x00000495       0x33 ..\obj\iwatchdog.o
 .ARM.attributes
                0x000004c8       0x33 ..\obj\misc.o
 .ARM.attributes
                0x000004fb       0x33 ..\obj\stm32f10x_i2c.o
 .ARM.attributes
                0x0000052e       0x33 ..\obj\valvesControl.o
 .ARM.attributes
                0x00000561       0x33 ..\obj\heap_2.o
 .ARM.attributes
                0x00000594       0x33 ..\obj\stm32f10x_iwdg.o
 .ARM.attributes
                0x000005c7       0x1b c:/program files (x86)/gnu tools arm embedded/5.3 2016q1/bin/../lib/gcc/arm-none-eabi/5.3.1/../../../../arm-none-eabi/lib/armv7-m\libg.a(lib_a-memcpy.o)
 .ARM.attributes
                0x000005e2       0x2d c:/program files (x86)/gnu tools arm embedded/5.3 2016q1/bin/../lib/gcc/arm-none-eabi/5.3.1/../../../../arm-none-eabi/lib/armv7-m\libg.a(lib_a-memset.o)

.debug_frame    0x00000000     0x4f64
 .debug_frame   0x00000000      0x438 ..\obj\engineControl.o
 .debug_frame   0x00000438      0xe2c ..\obj\stm32f10x_tim.o
 .debug_frame   0x00001264       0xa0 ..\obj\flash.o
 .debug_frame   0x00001304       0x98 ..\obj\timer.o
 .debug_frame   0x0000139c       0x98 ..\obj\system_stm32f10x.o
 .debug_frame   0x00001434       0x4c ..\obj\startup_stm32f10x_md.o
 .debug_frame   0x00001480      0x2d0 ..\obj\stm32f10x_gpio.o
 .debug_frame   0x00001750       0xe0 ..\obj\main.o
 .debug_frame   0x00001830      0x368 ..\obj\timers.o
 .debug_frame   0x00001b98      0x1f4 ..\obj\hmi_interaction.o
 .debug_frame   0x00001d8c      0x4f4 ..\obj\stm32f10x_rcc.o
 .debug_frame   0x00002280       0x94 ..\obj\i2c_slave.o
 .debug_frame   0x00002314      0x148 ..\obj\stm32f10x_exti.o
 .debug_frame   0x0000245c      0x850 ..\obj\tasks.o
 .debug_frame   0x00002cac      0x5a4 ..\obj\stm32f10x_adc.o
 .debug_frame   0x00003250      0x490 ..\obj\stm32f10x_usart.o
 .debug_frame   0x000036e0      0x128 ..\obj\sensorWork.o
 .debug_frame   0x00003808       0xd8 ..\obj\list.o
 .debug_frame   0x000038e0      0x410 ..\obj\stm32f10x_flash.o
 .debug_frame   0x00003cf0      0x530 ..\obj\queue.o
 .debug_frame   0x00004220      0x198 ..\obj\port.o
 .debug_frame   0x000043b8       0x34 ..\obj\clocking.o
 .debug_frame   0x000043ec      0x1c8 ..\obj\stm32f10x_dma.o
 .debug_frame   0x000045b4       0x4c ..\obj\iwatchdog.o
 .debug_frame   0x00004600       0xd8 ..\obj\misc.o
 .debug_frame   0x000046d8      0x530 ..\obj\stm32f10x_i2c.o
 .debug_frame   0x00004c08      0x178 ..\obj\valvesControl.o
 .debug_frame   0x00004d80       0xc0 ..\obj\heap_2.o
 .debug_frame   0x00004e40       0xf0 ..\obj\stm32f10x_iwdg.o
 .debug_frame   0x00004f30       0x34 c:/program files (x86)/gnu tools arm embedded/5.3 2016q1/bin/../lib/gcc/arm-none-eabi/5.3.1/../../../../arm-none-eabi/lib/armv7-m\libg.a(lib_a-memset.o)
